15:48:04 **** Incremental Build of configuration Debug for project ProjetoIntegrado ****
make -j4 all 
arm-none-eabi-gcc "../Core/Src/main.c" -mcpu=cortex-m3 -std=gnu11 -g3 -DUSE_HAL_DRIVER -DSTM32F103xB -DDEBUG -c -I../Core/Inc -I../Drivers/STM32F1xx_HAL_Driver/Inc -I../Drivers/STM32F1xx_HAL_Driver/Inc/Legacy -I../Drivers/CMSIS/Device/ST/STM32F1xx/Include -I../Drivers/CMSIS/Include -O0 -ffunction-sections -fdata-sections -Wall -fstack-usage -MMD -MP -MF"Core/Src/main.d" -MT"Core/Src/main.o" --specs=nano.specs -mfloat-abi=soft -mthumb -o "Core/Src/main.o"
../Core/Src/main.c:48:53: warning: missing braces around initializer [-Wmissing-braces]
 static const uint16_t ImagemVitoria4[][60*80/2]   = {
                                                     ^
   0x0000, 0x0000, 0x0000, 0x0000, 0x0000, 0x0000, 0x0000, 0x0000, 0x0000, 0x0000, 0x0000, 0x0000, 0x0000, 0x0000, 0x0000, 0x0000, 0x0000, 0x0000, 0x0000, 0x0000, 0x0000, 0x0000, 0x0000, 0x0000, 0x0000, 0x0000, 0x0000, 0x0000, 0x0000, 0x0000, 0x0000, 0x0000, 0x0000, 0x0000, 0x0000, 0x0000, 0x0000, 0x0000, 0x0000, 0x0000, 0x0000, 0x0000, 0x0000, 0x0000, 0x0000, 0x0000, 0x0000, 0x0000, 0x0000, 0x0000, 0x0000, 0x0000, 0x0000, 0x0000, 0x0000, 0x0000, 0x0000, 0x0000, 0x0000, 0x0000, 0x0000, 0x0000, 0x0000, 0x0000, 0x0000, 0x0000, 0x0000, 0x0000, 0x0000, 0x0000, 0x0000, 0x0000, 0x0000, 0x0000, 0x0000, 0x0000, 0x0000, 0x0000, 0x0000, 0x0000,
   {
../Core/Src/main.c:78:641:
   0x0000, 0x0000, 0x0000, 0x0000, 0x0000, 0x0000, 0x0000, 0x0000, 0x0000, 0x0000, 0x0000, 0x0000, 0x0000, 0x0000, 0x0000, 0x0000, 0x0000, 0x0000, 0x0000, 0x0000, 0x0000, 0x0000, 0x0000, 0x0000, 0x0000, 0x0000, 0x0000, 0x0000, 0x40ad, 0x01ce, 0x00ce, 0x00ce, 0x20b5, 0x619c, 0x0000, 0x0000, 0x00ce, 0x00ce, 0x80bd, 0x619c, 0x419c, 0x0000, 0xe0cd, 0x00ce, 0xc0cd, 0x81a4, 0x419c, 0xe0cd, 0x00ce, 0xc0cd, 0x81a4, 0x419c, 0x0000, 0x00ce, 0x00ce, 0x00ce, 0xe1ac, 0x419c, 0x0000, 0x0000, 0x0000, 0x0000, 0x0000, 0x0000, 0x0000, 0x0000, 0x0000, 0x0000, 0x0000, 0x0000, 0x0000, 0x0000, 0x0000, 0x0000, 0x0000, 0x0000, 0x0000, 0x0000, 0x0000, 0x0000,
                                                                                                                                                                                                                                                                                                                                                                                                                                                                                                                                                                                                                                                                 }
   0x0000, 0x0000, 0x0000, 0x0000, 0x0000, 0x0000, 0x0000, 0x0000, 0x0000, 0x0000, 0x0000, 0x0000, 0x0000, 0x0000, 0x0000, 0x0000, 0x0000, 0x0000, 0x0000, 0x0000, 0x0000, 0x0000, 0x0000, 0x0000, 0x0000, 0x0000, 0x0000, 0x0000, 0x0000, 0xc1cd, 0x00ce, 0x00ce, 0x20b5, 0x619c, 0x0000, 0x0000, 0x00ce, 0x00ce, 0x80c5, 0x619c, 0x619c, 0x619c, 0x20b5, 0x00ce, 0x00ce, 0x00ce, 0x0000, 0x00ce, 0x00ce, 0xc0cd, 0xa1a4, 0x619c, 0x619c, 0xe1ac, 0x00ce, 0x00ce, 0x00ce, 0x0000, 0x0000, 0x0000, 0x0000, 0x0000, 0x0000, 0x0000, 0x0000, 0x0000, 0x0000, 0x0000, 0x0000, 0x0000, 0x0000, 0x0000, 0x0000, 0x0000, 0x0000, 0x0000, 0x0000, 0x0000, 0x0000, 0x0000,
   {
../Core/Src/main.c:109:1:
 };
 }
../Core/Src/main.c:111:51: warning: missing braces around initializer [-Wmissing-braces]
 static const uint16_t ImagemVitoria3[][60*80/2] = {
                                                   ^
   0x0000, 0x0000, 0x0000, 0x0000, 0x0000, 0x0000, 0x0000, 0x0000, 0x0000, 0x0000, 0x0000, 0x0000, 0x0000, 0x0000, 0x0000, 0x0000, 0x0000, 0x0000, 0x0000, 0x0000, 0x0000, 0x0000, 0x0000, 0x0000, 0x0000, 0x0000, 0x0000, 0x0000, 0x0000, 0x0000, 0x0000, 0x0000, 0x0000, 0x0000, 0x0000, 0x0000, 0x0000, 0x0000, 0x0000, 0x0000, 0x0000, 0x0000, 0x0000, 0x0000, 0x0000, 0x0000, 0x0000, 0x0000, 0x0000, 0x0000, 0x0000, 0x0000, 0x0000, 0x0000, 0x0000, 0x0000, 0x0000, 0x0000, 0x0000, 0x0000, 0x0000, 0x0000, 0x0000, 0x0000, 0x0000, 0x0000, 0x0000, 0x0000, 0x0000, 0x0000, 0x0000, 0x0000, 0x0000, 0x0000, 0x0000, 0x0000, 0x0000, 0x0000, 0x0000, 0x0000,
   {
../Core/Src/main.c:141:641:
   0x0000, 0x0000, 0x0000, 0x0000, 0x0000, 0x0000, 0x0000, 0x0000, 0x0000, 0x0000, 0x0000, 0x0000, 0x0000, 0x0000, 0x0000, 0x0000, 0x0000, 0x0000, 0x0000, 0x0000, 0x0000, 0x0000, 0x0000, 0x0000, 0x0000, 0x0000, 0x0000, 0x0000, 0x40ad, 0x01ce, 0x00ce, 0x00ce, 0x20b5, 0x619c, 0x0000, 0x0000, 0x00ce, 0x00ce, 0x80bd, 0x619c, 0x419c, 0x0000, 0xe0cd, 0x00ce, 0xc0cd, 0x81a4, 0x419c, 0xe0cd, 0x00ce, 0xc0cd, 0x81a4, 0x419c, 0x0000, 0x00ce, 0x00ce, 0x00ce, 0xe1ac, 0x419c, 0x0000, 0x0000, 0x0000, 0x0000, 0x0000, 0x0000, 0x0000, 0x0000, 0x0000, 0x0000, 0x0000, 0x0000, 0x0000, 0x0000, 0x0000, 0x0000, 0x0000, 0x0000, 0x0000, 0x0000, 0x0000, 0x0000,
                                                                                                                                                                                                                                                                                                                                                                                                                                                                                                                                                                                                                                                                 }
   0x0000, 0x0000, 0x0000, 0x0000, 0x0000, 0x0000, 0x0000, 0x0000, 0x0000, 0x0000, 0x0000, 0x0000, 0x0000, 0x0000, 0x0000, 0x0000, 0x0000, 0x0000, 0x0000, 0x0000, 0x0000, 0x0000, 0x0000, 0x0000, 0x0000, 0x0000, 0x0000, 0x0000, 0x0000, 0xc1cd, 0x00ce, 0x00ce, 0x20b5, 0x619c, 0x0000, 0x0000, 0x00ce, 0x00ce, 0x80c5, 0x619c, 0x619c, 0x619c, 0x20b5, 0x00ce, 0x00ce, 0x00ce, 0x0000, 0x00ce, 0x00ce, 0xc0cd, 0xa1a4, 0x619c, 0x619c, 0xe1ac, 0x00ce, 0x00ce, 0x00ce, 0x0000, 0x0000, 0x0000, 0x0000, 0x0000, 0x0000, 0x0000, 0x0000, 0x0000, 0x0000, 0x0000, 0x0000, 0x0000, 0x0000, 0x0000, 0x0000, 0x0000, 0x0000, 0x0000, 0x0000, 0x0000, 0x0000, 0x0000,
   {
../Core/Src/main.c:172:1:
 };
 }
../Core/Src/main.c:173:52: warning: missing braces around initializer [-Wmissing-braces]
 static const uint16_t ImagemVitoria2[][60*80/2]  = {
                                                    ^
   0x0000, 0x0000, 0x0000, 0x0000, 0x0000, 0x0000, 0x0000, 0x0000, 0x0000, 0x0000, 0x0000, 0x0000, 0x0000, 0x0000, 0x0000, 0x0000, 0x0000, 0x0000, 0x0000, 0x0000, 0x0000, 0x0000, 0x0000, 0x0000, 0x0000, 0x0000, 0x0000, 0x0000, 0x0000, 0x0000, 0x0000, 0x0000, 0x0000, 0x0000, 0x0000, 0x0000, 0x0000, 0x0000, 0x0000, 0x0000, 0x0000, 0x0000, 0x0000, 0x0000, 0x0000, 0x0000, 0x0000, 0x0000, 0x0000, 0x0000, 0x0000, 0x0000, 0x0000, 0x0000, 0x0000, 0x0000, 0x0000, 0x0000, 0x0000, 0x0000, 0x0000, 0x0000, 0x0000, 0x0000, 0x0000, 0x0000, 0x0000, 0x0000, 0x0000, 0x0000, 0x0000, 0x0000, 0x0000, 0x0000, 0x0000, 0x0000, 0x0000, 0x0000, 0x0000, 0x0000,
   {
../Core/Src/main.c:203:641:
   0x0000, 0x0000, 0x0000, 0x0000, 0x0000, 0x0000, 0x0000, 0x0000, 0x0000, 0x0000, 0x0000, 0x0000, 0x0000, 0x0000, 0x0000, 0x0000, 0x0000, 0x0000, 0x0000, 0x0000, 0x1002, 0xaa02, 0x0000, 0x9604, 0x9604, 0x750c, 0x6145, 0x6145, 0x40ad, 0x01ce, 0x00ce, 0x00ce, 0x20b5, 0x619c, 0x41a8, 0x20b0, 0x40c4, 0x00ce, 0x80bd, 0x619c, 0x419c, 0x0000, 0xe0cd, 0x00ce, 0xc0cd, 0x81a4, 0x419c, 0xe0cd, 0x00ce, 0xc0cd, 0x81a4, 0x419c, 0x0000, 0x00ce, 0x00ce, 0x00ce, 0xe1ac, 0x419c, 0x6145, 0x6145, 0x6145, 0x4e02, 0x4e02, 0x15a8, 0x0520, 0x0000, 0x0000, 0x0000, 0x0000, 0x0000, 0x0000, 0x0000, 0x0000, 0x0000, 0x0000, 0x0000, 0x0000, 0x0000, 0x0000, 0x0000,
                                                                                                                                                                                                                                                                                                                                                                                                                                                                                                                                                                                                                                                                 }
   0x0000, 0x0000, 0x0000, 0x0000, 0x0000, 0x0000, 0x0000, 0x0000, 0x0000, 0x0000, 0x0000, 0x0000, 0x0000, 0x0000, 0x0000, 0x0000, 0x0000, 0x0000, 0x4601, 0x9604, 0x750c, 0x0000, 0xe045, 0x4055, 0x0000, 0x0000, 0xb002, 0x1002, 0x0000, 0xc1cd, 0x00ce, 0x00ce, 0x20b5, 0x619c, 0x0000, 0x0000, 0x00ce, 0x00ce, 0x80c5, 0x619c, 0x619c, 0x619c, 0x20b5, 0x00ce, 0x00ce, 0x039d, 0xaa02, 0x00ce, 0x00ce, 0xc0cd, 0xa1a4, 0x619c, 0x619c, 0xe1ac, 0x00ce, 0x00ce, 0x00ce, 0x00b8, 0x00a8, 0xff07, 0xf704, 0x5505, 0x0000, 0x0000, 0x0000, 0x0000, 0x0000, 0x0000, 0x0000, 0x0000, 0x0000, 0x0000, 0x0000, 0x0000, 0x0000, 0x0000, 0x0000, 0x0000, 0x0000, 0x0000,
   {
../Core/Src/main.c:234:1:
 };
 }
../Core/Src/main.c:236:52: warning: missing braces around initializer [-Wmissing-braces]
 static const uint16_t ImagemVitoria1[][60*80/2]  = {
                                                    ^
   0x0000, 0x0000, 0x0000, 0x0000, 0x0000, 0x0000, 0x0000, 0x0000, 0x0000, 0x0000, 0x0000, 0x0000, 0x0000, 0x0000, 0x0000, 0x0000, 0x0000, 0x0000, 0x0000, 0x0000, 0x0000, 0x0000, 0x0000, 0x0000, 0x0000, 0x0000, 0x0000, 0x0000, 0x0000, 0x0000, 0x0000, 0x0000, 0x0000, 0x0000, 0x0000, 0x0000, 0x0000, 0x0000, 0x0000, 0x0000, 0x0000, 0x0000, 0x0000, 0x0000, 0x0000, 0x0000, 0x0000, 0x0000, 0x0000, 0x0000, 0x0000, 0x0000, 0x0000, 0x0000, 0x0000, 0x0000, 0x0000, 0x0000, 0x0000, 0x0000, 0x0000, 0x0000, 0x0000, 0x0000, 0x0000, 0x0000, 0x0000, 0x0000, 0x0000, 0x0000, 0x0000, 0x0000, 0x0000, 0x0000, 0x0000, 0x0000, 0x0000, 0x0000, 0x0000, 0x0000,
   {
../Core/Src/main.c:266:641:
   0x0000, 0x0000, 0x0000, 0x0000, 0x0000, 0x0000, 0x0000, 0x0000, 0x0000, 0x0000, 0x0000, 0x0000, 0x0000, 0x0000, 0x0000, 0x0000, 0x0000, 0x0000, 0x0000, 0x0000, 0x1002, 0xaa02, 0x0000, 0x9604, 0x9604, 0x750c, 0x6145, 0x6145, 0x40ad, 0x01ce, 0x00ce, 0x00ce, 0x20b5, 0x619c, 0x41a8, 0x20b0, 0x40c4, 0x00ce, 0x80bd, 0x619c, 0x419c, 0x0000, 0xe0cd, 0x00ce, 0xc0cd, 0x81a4, 0x419c, 0xe0cd, 0x00ce, 0xc0cd, 0x81a4, 0x419c, 0x0000, 0x00ce, 0x00ce, 0x00ce, 0xe1ac, 0x419c, 0x6145, 0x6145, 0x6145, 0x4e02, 0x4e02, 0x15a8, 0x0520, 0x0000, 0x0000, 0x0000, 0x0000, 0x0000, 0x0000, 0x0000, 0x0000, 0x0000, 0x0000, 0x0000, 0x0000, 0x0000, 0x0000, 0x0000,
                                                                                                                                                                                                                                                                                                                                                                                                                                                                                                                                                                                                                                                                 }
   0x0000, 0x0000, 0x0000, 0x0000, 0x0000, 0x0000, 0x0000, 0x0000, 0x0000, 0x0000, 0x0000, 0x0000, 0x0000, 0x0000, 0x0000, 0x0000, 0x0000, 0x0000, 0x4601, 0x9604, 0x750c, 0x0000, 0xe045, 0x4055, 0x0000, 0x0000, 0xb002, 0x1002, 0x0000, 0xc1cd, 0x00ce, 0x00ce, 0x20b5, 0x619c, 0x0000, 0x0000, 0x00ce, 0x00ce, 0x80c5, 0x619c, 0x619c, 0x619c, 0x20b5, 0x00ce, 0x00ce, 0x039d, 0xaa02, 0x00ce, 0x00ce, 0xc0cd, 0xa1a4, 0x619c, 0x619c, 0xe1ac, 0x00ce, 0x00ce, 0x00ce, 0x00b8, 0x00a8, 0xff07, 0xf704, 0x5505, 0x0000, 0x0000, 0x0000, 0x0000, 0x0000, 0x0000, 0x0000, 0x0000, 0x0000, 0x0000, 0x0000, 0x0000, 0x0000, 0x0000, 0x0000, 0x0000, 0x0000, 0x0000,
   {
../Core/Src/main.c:297:1:
 };
 }
../Core/Src/main.c:302:41: warning: missing braces around initializer [-Wmissing-braces]
 static const uint16_t Carta[][15*15/2]= {
                                         ^
   0x0000, 0x0000, 0x0000, 0x0000, 0x0000, 0x0000, 0x0000, 0x0000, 0x0000, 0x0000, 0x0000, 0x0000, 0x0000, 0x0000, 0x0000,
   {
../Core/Src/main.c:310:57:
   0x0000, 0x0000, 0x0000, 0x0000, 0x00f8, 0x00f8, 0x00f8, 0x00f8, 0x00f8, 0x00f8, 0x00f8, 0x00f8, 0x0000, 0x0000, 0x0000,
                                                         } {
../Core/Src/main.c:317:113:
   0x0000, 0x0000, 0x0000, 0x0000, 0x0000, 0x0000, 0x0000, 0x0000, 0x0000, 0x0000, 0x0000, 0x0000, 0x0000, 0x0000, 0x0000
                                                                                                                 } {
 };
 }
../Core/Src/main.c: In function 'IniciarJogo':
../Core/Src/main.c:630:88: warning: passing argument 5 of 'ST7735_DrawImage' from incompatible pointer type [-Wincompatible-pointer-types]
     ST7735_DrawImage((PaddingX + j*(PaddingX+15)), (i*(15+PaddingY))+PaddingY, 15, 15, Carta);
                                                                                        ^~~~~
In file included from ../Core/Src/main.c:24:0:
../Core/Src/st7735\st7735.h:264:6: note: expected 'const uint16_t * {aka const short unsigned int *}' but argument is of type 'const uint16_t (*)[112] {aka const short unsigned int (*)[112]}'
 void ST7735_DrawImage(uint16_t x, uint16_t y, uint16_t w, uint16_t h, const uint16_t* data);
      ^~~~~~~~~~~~~~~~
../Core/Src/main.c: In function 'CompararCarta':
../Core/Src/main.c:844:112: warning: passing argument 5 of 'ST7735_DrawImage' from incompatible pointer type [-Wincompatible-pointer-types]
     ST7735_DrawImage((PaddingX + pos_selec1[0]*(PaddingX+15)), (pos_selec1[1]*(15+PaddingY))+PaddingY, 15, 15, Carta);
                                                                                                                ^~~~~
In file included from ../Core/Src/main.c:24:0:
../Core/Src/st7735\st7735.h:264:6: note: expected 'const uint16_t * {aka const short unsigned int *}' but argument is of type 'const uint16_t (*)[112] {aka const short unsigned int (*)[112]}'
 void ST7735_DrawImage(uint16_t x, uint16_t y, uint16_t w, uint16_t h, const uint16_t* data);
      ^~~~~~~~~~~~~~~~
../Core/Src/main.c:845:112: warning: passing argument 5 of 'ST7735_DrawImage' from incompatible pointer type [-Wincompatible-pointer-types]
     ST7735_DrawImage((PaddingX + pos_selec2[0]*(PaddingX+15)), (pos_selec2[1]*(15+PaddingY))+PaddingY, 15, 15, Carta);
                                                                                                                ^~~~~
In file included from ../Core/Src/main.c:24:0:
../Core/Src/st7735\st7735.h:264:6: note: expected 'const uint16_t * {aka const short unsigned int *}' but argument is of type 'const uint16_t (*)[112] {aka const short unsigned int (*)[112]}'
 void ST7735_DrawImage(uint16_t x, uint16_t y, uint16_t w, uint16_t h, const uint16_t* data);
      ^~~~~~~~~~~~~~~~
../Core/Src/main.c: In function 'ExibirFimDeJogo':
../Core/Src/main.c:902:37: warning: passing argument 5 of 'ST7735_DrawImage' from incompatible pointer type [-Wincompatible-pointer-types]
    ST7735_DrawImage(40, 10, 80, 60, ImagemVitoria1);
                                     ^~~~~~~~~~~~~~
In file included from ../Core/Src/main.c:24:0:
../Core/Src/st7735\st7735.h:264:6: note: expected 'const uint16_t * {aka const short unsigned int *}' but argument is of type 'const uint16_t (*)[2400] {aka const short unsigned int (*)[2400]}'
 void ST7735_DrawImage(uint16_t x, uint16_t y, uint16_t w, uint16_t h, const uint16_t* data);
      ^~~~~~~~~~~~~~~~
../Core/Src/main.c:906:37: warning: passing argument 5 of 'ST7735_DrawImage' from incompatible pointer type [-Wincompatible-pointer-types]
    ST7735_DrawImage(40, 10, 80, 60, ImagemVitoria2);
                                     ^~~~~~~~~~~~~~
In file included from ../Core/Src/main.c:24:0:
../Core/Src/st7735\st7735.h:264:6: note: expected 'const uint16_t * {aka const short unsigned int *}' but argument is of type 'const uint16_t (*)[2400] {aka const short unsigned int (*)[2400]}'
 void ST7735_DrawImage(uint16_t x, uint16_t y, uint16_t w, uint16_t h, const uint16_t* data);
      ^~~~~~~~~~~~~~~~
../Core/Src/main.c:910:37: warning: passing argument 5 of 'ST7735_DrawImage' from incompatible pointer type [-Wincompatible-pointer-types]
    ST7735_DrawImage(40, 10, 80, 60, ImagemVitoria3);
                                     ^~~~~~~~~~~~~~
In file included from ../Core/Src/main.c:24:0:
../Core/Src/st7735\st7735.h:264:6: note: expected 'const uint16_t * {aka const short unsigned int *}' but argument is of type 'const uint16_t (*)[2400] {aka const short unsigned int (*)[2400]}'
 void ST7735_DrawImage(uint16_t x, uint16_t y, uint16_t w, uint16_t h, const uint16_t* data);
      ^~~~~~~~~~~~~~~~
../Core/Src/main.c:914:37: warning: passing argument 5 of 'ST7735_DrawImage' from incompatible pointer type [-Wincompatible-pointer-types]
    ST7735_DrawImage(40, 10, 80, 60, ImagemVitoria4);
                                     ^~~~~~~~~~~~~~
In file included from ../Core/Src/main.c:24:0:
../Core/Src/st7735\st7735.h:264:6: note: expected 'const uint16_t * {aka const short unsigned int *}' but argument is of type 'const uint16_t (*)[2400] {aka const short unsigned int (*)[2400]}'
 void ST7735_DrawImage(uint16_t x, uint16_t y, uint16_t w, uint16_t h, const uint16_t* data);
      ^~~~~~~~~~~~~~~~
arm-none-eabi-gcc -o "ProjetoIntegrado.elf" @"objects.list"   -mcpu=cortex-m3 -T"C:\Users\Alunos\Desktop\ProjetoIntegrado\STM32F103C8TX_FLASH.ld" --specs=nosys.specs -Wl,-Map="ProjetoIntegrado.map" -Wl,--gc-sections -static --specs=nano.specs -mfloat-abi=soft -mthumb -Wl,--start-group -lc -lm -Wl,--end-group
Finished building target: ProjetoIntegrado.elf
 
arm-none-eabi-objdump -h -S  ProjetoIntegrado.elf  > "ProjetoIntegrado.list"
arm-none-eabi-objcopy  -O binary  ProjetoIntegrado.elf  "ProjetoIntegrado.bin"
arm-none-eabi-size   ProjetoIntegrado.elf 
   text	   data	    bss	    dec	    hex	filename
  54736	    244	   1724	  56704	   dd80	ProjetoIntegrado.elf
Finished building: default.size.stdout
 
Finished building: ProjetoIntegrado.bin
 
Finished building: ProjetoIntegrado.list
 

15:48:08 Build Finished. 0 errors, 12 warnings. (took 4s.859ms)

